▲ Next.js 16.2.10 (Turbopack)
- Environments: .env
- Experiments (use with caution):
  · serverActions

  Creating an optimized production build ...
✓ Compiled successfully in 6.9s
  Running TypeScript ...
  Finished TypeScript in 6.5s ...
  Collecting page data using 8 workers ...
  Generating static pages using 8 workers (0/5) ...
  Generating static pages using 8 workers (1/5) 
  Generating static pages using 8 workers (2/5) 
  Generating static pages using 8 workers (3/5) 
✓ Generating static pages using 8 workers (5/5) in 2.5s
  Finalizing page optimization ...

Route (app)
┌ ○ /
├ ○ /_not-found
├ ƒ /api/convert
├ ƒ /sign-in/[[...sign-in]]
└ ƒ /sign-up/[[...sign-up]]


ƒ Proxy (Middleware)

○  (Static)   prerendered as static content
ƒ  (Dynamic)  server-rendered on demand

